Using launch settings from src\RealEstateManagement.Web\Properties\launchSettings.json...
Building...
E:\Projects\RealEstateManagement\src\RealEstateManagement.Web\RealEstateManagement.Web.csproj : warning NU1903: Package 'SQLitePCLRaw.lib.e_sqlite3' 2.1.11 has a known high severity vulnerability, https://github.com/advisories/GHSA-2m69-gcr7-jv3q
E:\Projects\RealEstateManagement\src\RealEstateManagement.Infrastructure\RealEstateManagement.Infrastructure.csproj : warning NU1903: Package 'SQLitePCLRaw.lib.e_sqlite3' 2.1.11 has a known high severity vulnerability, https://github.com/advisories/GHSA-2m69-gcr7-jv3q [E:\Projects\RealEstateManagement\src\RealEstateManagement.Web\RealEstateManagement.Web.csproj]
E:\Projects\RealEstateManagement\src\RealEstateManagement.Web\RealEstateManagement.Web.csproj : warning NU1903: Package 'SQLitePCLRaw.lib.e_sqlite3' 2.1.11 has a known high severity vulnerability, https://github.com/advisories/GHSA-2m69-gcr7-jv3q
E:\Projects\RealEstateManagement\src\RealEstateManagement.Infrastructure\RealEstateManagement.Infrastructure.csproj : warning NU1903: Package 'SQLitePCLRaw.lib.e_sqlite3' 2.1.11 has a known high severity vulnerability, https://github.com/advisories/GHSA-2m69-gcr7-jv3q
info: Microsoft.Hosting.Lifetime[14]
      Now listening on: http://localhost:5099
info: Microsoft.Hosting.Lifetime[0]
      Application started. Press Ctrl+C to shut down.
info: Microsoft.Hosting.Lifetime[0]
      Hosting environment: Development
info: Microsoft.Hosting.Lifetime[0]
      Content root path: E:\Projects\RealEstateManagement\src\RealEstateManagement.Web
warn: Microsoft.EntityFrameworkCore.Query[20504]
      Compiling a query which loads related collections for more than one collection navigation, either via 'Include' or through projection, but no 'QuerySplittingBehavior' has been configured. By default, Entity Framework will use 'QuerySplittingBehavior.SingleQuery', which can potentially result in slow query performance. See https://go.microsoft.com/fwlink/?linkid=2134277 for more information. To identify the query that's triggering this warning call 'ConfigureWarnings(w => w.Throw(RelationalEventId.MultipleCollectionIncludeWarning))'.
info: Microsoft.EntityFrameworkCore.Database.Command[20101]
      Executed DbCommand (6ms) [Parameters=[], CommandType='Text', CommandTimeout='30']
      SELECT "p"."Id", "p"."Area", "p"."AreaSize", "p"."AvailableFromDate", "p"."Bathrooms", "p"."Code", "p"."CreatedAtUtc", "p"."Description", "p"."Direction", "p"."FurniturePackage", "p"."LegalStatus", "p"."LoanInfo", "p"."MonthlyPrice", "p"."Notes", "p"."Project", "p"."SalePrice", "p"."Status", "p"."Type", "p"."UpdatedAtUtc", "p"."VideoUrl", "p0"."Id", "p0"."AltText", "p0"."IsPrimary", "p0"."PropertyId", "p0"."SortOrder", "p0"."Url", "p1"."Id", "p1"."Name", "p1"."PropertyId"
      FROM "Properties" AS "p"
      LEFT JOIN "PropertyImages" AS "p0" ON "p"."Id" = "p0"."PropertyId"
      LEFT JOIN "PropertyAmenities" AS "p1" ON "p"."Id" = "p1"."PropertyId"
      ORDER BY "p"."Code", "p"."Id", "p0"."Id"
warn: Microsoft.EntityFrameworkCore.Query[20504]
      Compiling a query which loads related collections for more than one collection navigation, either via 'Include' or through projection, but no 'QuerySplittingBehavior' has been configured. By default, Entity Framework will use 'QuerySplittingBehavior.SingleQuery', which can potentially result in slow query performance. See https://go.microsoft.com/fwlink/?linkid=2134277 for more information. To identify the query that's triggering this warning call 'ConfigureWarnings(w => w.Throw(RelationalEventId.MultipleCollectionIncludeWarning))'.
info: Microsoft.EntityFrameworkCore.Database.Command[20101]
      Executed DbCommand (0ms) [Parameters=[], CommandType='Text', CommandTimeout='30']
      SELECT "p"."Id", "p"."Area", "p"."AreaSize", "p"."AvailableFromDate", "p"."Bathrooms", "p"."Code", "p"."CreatedAtUtc", "p"."Description", "p"."Direction", "p"."FurniturePackage", "p"."LegalStatus", "p"."LoanInfo", "p"."MonthlyPrice", "p"."Notes", "p"."Project", "p"."SalePrice", "p"."Status", "p"."Type", "p"."UpdatedAtUtc", "p"."VideoUrl", "p0"."Id", "p0"."AltText", "p0"."IsPrimary", "p0"."PropertyId", "p0"."SortOrder", "p0"."Url", "p1"."Id", "p1"."Name", "p1"."PropertyId"
      FROM "Properties" AS "p"
      LEFT JOIN "PropertyImages" AS "p0" ON "p"."Id" = "p0"."PropertyId"
      LEFT JOIN "PropertyAmenities" AS "p1" ON "p"."Id" = "p1"."PropertyId"
      WHERE "p"."SalePrice" > 0
      ORDER BY "p"."Code", "p"."Id", "p0"."Id"
info: Microsoft.EntityFrameworkCore.Database.Command[20101]
      Executed DbCommand (2ms) [Parameters=[@query_MinMonthlyPrice_Value='?' (DbType = Int64)], CommandType='Text', CommandTimeout='30']
      SELECT "p"."Project", "p"."Area", "p"."Type", "p"."Status"
      FROM "Properties" AS "p"
      WHERE "p"."MonthlyPrice" >= @query_MinMonthlyPrice_Value
info: Microsoft.EntityFrameworkCore.Database.Command[20101]
      Executed DbCommand (0ms) [Parameters=[], CommandType='Text', CommandTimeout='30']
      SELECT "p"."Id", "p"."Area", "p"."AreaSize", "p"."AvailableFromDate", "p"."Bathrooms", "p"."Code", "p"."CreatedAtUtc", "p"."Description", "p"."Direction", "p"."FurniturePackage", "p"."LegalStatus", "p"."LoanInfo", "p"."MonthlyPrice", "p"."Notes", "p"."Project", "p"."SalePrice", "p"."Status", "p"."Type", "p"."UpdatedAtUtc", "p"."VideoUrl", "p0"."Id", "p0"."AltText", "p0"."IsPrimary", "p0"."PropertyId", "p0"."SortOrder", "p0"."Url", "p1"."Id", "p1"."Name", "p1"."PropertyId"
      FROM "Properties" AS "p"
      LEFT JOIN "PropertyImages" AS "p0" ON "p"."Id" = "p0"."PropertyId"
      LEFT JOIN "PropertyAmenities" AS "p1" ON "p"."Id" = "p1"."PropertyId"
      ORDER BY "p"."Code", "p"."Id", "p0"."Id"
info: Microsoft.EntityFrameworkCore.Database.Command[20101]
      Executed DbCommand (0ms) [Parameters=[@query_MinSalePrice_Value='?' (DbType = Int64)], CommandType='Text', CommandTimeout='30']
      SELECT "p"."Project", "p"."Area", "p"."Type", "p"."Status"
      FROM "Properties" AS "p"
      WHERE "p"."SalePrice" >= @query_MinSalePrice_Value AND "p"."SalePrice" > 0
info: Microsoft.EntityFrameworkCore.Database.Command[20101]
      Executed DbCommand (0ms) [Parameters=[], CommandType='Text', CommandTimeout='30']
      SELECT "p"."Id", "p"."Area", "p"."AreaSize", "p"."AvailableFromDate", "p"."Bathrooms", "p"."Code", "p"."CreatedAtUtc", "p"."Description", "p"."Direction", "p"."FurniturePackage", "p"."LegalStatus", "p"."LoanInfo", "p"."MonthlyPrice", "p"."Notes", "p"."Project", "p"."SalePrice", "p"."Status", "p"."Type", "p"."UpdatedAtUtc", "p"."VideoUrl", "p0"."Id", "p0"."AltText", "p0"."IsPrimary", "p0"."PropertyId", "p0"."SortOrder", "p0"."Url", "p1"."Id", "p1"."Name", "p1"."PropertyId"
      FROM "Properties" AS "p"
      LEFT JOIN "PropertyImages" AS "p0" ON "p"."Id" = "p0"."PropertyId"
      LEFT JOIN "PropertyAmenities" AS "p1" ON "p"."Id" = "p1"."PropertyId"
      WHERE "p"."SalePrice" > 0
      ORDER BY "p"."Code", "p"."Id", "p0"."Id"
info: Microsoft.EntityFrameworkCore.Database.Command[20101]
      Executed DbCommand (0ms) [Parameters=[@query_MinMonthlyPrice_Value='?' (DbType = Int64)], CommandType='Text', CommandTimeout='30']
      SELECT "p"."Project", "p"."Area", "p"."Type", "p"."Status"
      FROM "Properties" AS "p"
      WHERE "p"."MonthlyPrice" >= @query_MinMonthlyPrice_Value
warn: Microsoft.EntityFrameworkCore.Query[20504]
      Compiling a query which loads related collections for more than one collection navigation, either via 'Include' or through projection, but no 'QuerySplittingBehavior' has been configured. By default, Entity Framework will use 'QuerySplittingBehavior.SingleQuery', which can potentially result in slow query performance. See https://go.microsoft.com/fwlink/?linkid=2134277 for more information. To identify the query that's triggering this warning call 'ConfigureWarnings(w => w.Throw(RelationalEventId.MultipleCollectionIncludeWarning))'.
info: Microsoft.EntityFrameworkCore.Database.Command[20101]
      Executed DbCommand (0ms) [Parameters=[@query_MinMonthlyPrice_Value='?' (DbType = Int64), @query_MaxMonthlyPrice_Value='?' (DbType = Int64)], CommandType='Text', CommandTimeout='30']
      SELECT "p"."Id", "p"."Area", "p"."AreaSize", "p"."AvailableFromDate", "p"."Bathrooms", "p"."Code", "p"."CreatedAtUtc", "p"."Description", "p"."Direction", "p"."FurniturePackage", "p"."LegalStatus", "p"."LoanInfo", "p"."MonthlyPrice", "p"."Notes", "p"."Project", "p"."SalePrice", "p"."Status", "p"."Type", "p"."UpdatedAtUtc", "p"."VideoUrl", "p0"."Id", "p0"."AltText", "p0"."IsPrimary", "p0"."PropertyId", "p0"."SortOrder", "p0"."Url", "p1"."Id", "p1"."Name", "p1"."PropertyId"
      FROM "Properties" AS "p"
      LEFT JOIN "PropertyImages" AS "p0" ON "p"."Id" = "p0"."PropertyId"
      LEFT JOIN "PropertyAmenities" AS "p1" ON "p"."Id" = "p1"."PropertyId"
      WHERE "p"."MonthlyPrice" >= @query_MinMonthlyPrice_Value AND "p"."MonthlyPrice" <= @query_MaxMonthlyPrice_Value
      ORDER BY "p"."Code", "p"."Id", "p0"."Id"
info: Microsoft.EntityFrameworkCore.Database.Command[20101]
      Executed DbCommand (0ms) [Parameters=[@query_MinSalePrice_Value='?' (DbType = Int64)], CommandType='Text', CommandTimeout='30']
      SELECT "p"."Project", "p"."Area", "p"."Type", "p"."Status"
      FROM "Properties" AS "p"
      WHERE "p"."SalePrice" >= @query_MinSalePrice_Value AND "p"."SalePrice" > 0
warn: Microsoft.EntityFrameworkCore.Query[20504]
      Compiling a query which loads related collections for more than one collection navigation, either via 'Include' or through projection, but no 'QuerySplittingBehavior' has been configured. By default, Entity Framework will use 'QuerySplittingBehavior.SingleQuery', which can potentially result in slow query performance. See https://go.microsoft.com/fwlink/?linkid=2134277 for more information. To identify the query that's triggering this warning call 'ConfigureWarnings(w => w.Throw(RelationalEventId.MultipleCollectionIncludeWarning))'.
info: Microsoft.EntityFrameworkCore.Database.Command[20101]
      Executed DbCommand (0ms) [Parameters=[@query_MinSalePrice_Value='?' (DbType = Int64), @query_MaxSalePrice_Value='?' (DbType = Int64)], CommandType='Text', CommandTimeout='30']
      SELECT "p"."Id", "p"."Area", "p"."AreaSize", "p"."AvailableFromDate", "p"."Bathrooms", "p"."Code", "p"."CreatedAtUtc", "p"."Description", "p"."Direction", "p"."FurniturePackage", "p"."LegalStatus", "p"."LoanInfo", "p"."MonthlyPrice", "p"."Notes", "p"."Project", "p"."SalePrice", "p"."Status", "p"."Type", "p"."UpdatedAtUtc", "p"."VideoUrl", "p0"."Id", "p0"."AltText", "p0"."IsPrimary", "p0"."PropertyId", "p0"."SortOrder", "p0"."Url", "p1"."Id", "p1"."Name", "p1"."PropertyId"
      FROM "Properties" AS "p"
      LEFT JOIN "PropertyImages" AS "p0" ON "p"."Id" = "p0"."PropertyId"
      LEFT JOIN "PropertyAmenities" AS "p1" ON "p"."Id" = "p1"."PropertyId"
      WHERE "p"."SalePrice" >= @query_MinSalePrice_Value AND "p"."SalePrice" <= @query_MaxSalePrice_Value AND "p"."SalePrice" > 0
      ORDER BY "p"."Code", "p"."Id", "p0"."Id"
info: Microsoft.EntityFrameworkCore.Database.Command[20101]
      Executed DbCommand (0ms) [Parameters=[@query_MinMonthlyPrice_Value='?' (DbType = Int64)], CommandType='Text', CommandTimeout='30']
      SELECT "p"."Project", "p"."Area", "p"."Type", "p"."Status"
      FROM "Properties" AS "p"
      WHERE "p"."MonthlyPrice" >= @query_MinMonthlyPrice_Value
info: Microsoft.EntityFrameworkCore.Database.Command[20101]
      Executed DbCommand (0ms) [Parameters=[@query_MinMonthlyPrice_Value='?' (DbType = Int64)], CommandType='Text', CommandTimeout='30']
      SELECT "p"."Project", "p"."Area", "p"."Type", "p"."Status"
      FROM "Properties" AS "p"
      WHERE "p"."MonthlyPrice" >= @query_MinMonthlyPrice_Value
info: Microsoft.EntityFrameworkCore.Database.Command[20101]
      Executed DbCommand (0ms) [Parameters=[], CommandType='Text', CommandTimeout='30']
      SELECT "p"."Id", "p"."Area", "p"."AreaSize", "p"."AvailableFromDate", "p"."Bathrooms", "p"."Code", "p"."CreatedAtUtc", "p"."Description", "p"."Direction", "p"."FurniturePackage", "p"."LegalStatus", "p"."LoanInfo", "p"."MonthlyPrice", "p"."Notes", "p"."Project", "p"."SalePrice", "p"."Status", "p"."Type", "p"."UpdatedAtUtc", "p"."VideoUrl", "p0"."Id", "p0"."AltText", "p0"."IsPrimary", "p0"."PropertyId", "p0"."SortOrder", "p0"."Url", "p1"."Id", "p1"."Name", "p1"."PropertyId"
      FROM "Properties" AS "p"
      LEFT JOIN "PropertyImages" AS "p0" ON "p"."Id" = "p0"."PropertyId"
      LEFT JOIN "PropertyAmenities" AS "p1" ON "p"."Id" = "p1"."PropertyId"
      ORDER BY "p"."Code", "p"."Id", "p0"."Id"
info: Microsoft.EntityFrameworkCore.Database.Command[20101]
      Executed DbCommand (1ms) [Parameters=[@normalizedEmail='?' (Size = 27)], CommandType='Text', CommandTimeout='30']
      SELECT "a"."Id", "a"."AccessFailedCount", "a"."AccountStatus", "a"."AvatarUrl", "a"."ConcurrencyStamp", "a"."CreatedAtUtc", "a"."DisplayName", "a"."Email", "a"."EmailConfirmed", "a"."FullName", "a"."LastLoginAtUtc", "a"."LockoutEnabled", "a"."LockoutEnd", "a"."NormalizedEmail", "a"."NormalizedUserName", "a"."PasswordHash", "a"."PhoneNumber", "a"."PhoneNumberConfirmed", "a"."SecurityStamp", "a"."TwoFactorEnabled", "a"."UpdatedAtUtc", "a"."UserName"
      FROM "AspNetUsers" AS "a"
      WHERE "a"."NormalizedEmail" = @normalizedEmail
      LIMIT 2
info: Microsoft.EntityFrameworkCore.Database.Command[20101]
      Executed DbCommand (0ms) [Parameters=[@normalizedRoleName='?' (Size = 5)], CommandType='Text', CommandTimeout='30']
      SELECT "a"."Id", "a"."ConcurrencyStamp", "a"."Name", "a"."NormalizedName"
      FROM "AspNetRoles" AS "a"
      WHERE "a"."NormalizedName" = @normalizedRoleName
      LIMIT 2
info: Microsoft.EntityFrameworkCore.Database.Command[20101]
      Executed DbCommand (0ms) [Parameters=[@p='?' (DbType = Guid), @p1='?' (DbType = Guid)], CommandType='Text', CommandTimeout='30']
      SELECT "a"."UserId", "a"."RoleId"
      FROM "AspNetUserRoles" AS "a"
      WHERE "a"."UserId" = @p AND "a"."RoleId" = @p1
      LIMIT 1
info: Microsoft.EntityFrameworkCore.Database.Command[20101]
      Executed DbCommand (0ms) [Parameters=[@user_Id='?' (DbType = Guid)], CommandType='Text', CommandTimeout='30']
      SELECT "a"."Id", "a"."ClaimType", "a"."ClaimValue", "a"."UserId"
      FROM "AspNetUserClaims" AS "a"
      WHERE "a"."UserId" = @user_Id
info: Microsoft.EntityFrameworkCore.Database.Command[20101]
      Executed DbCommand (0ms) [Parameters=[@userId='?' (DbType = Guid)], CommandType='Text', CommandTimeout='30']
      SELECT "a0"."Name"
      FROM "AspNetUserRoles" AS "a"
      INNER JOIN "AspNetRoles" AS "a0" ON "a"."RoleId" = "a0"."Id"
      WHERE "a"."UserId" = @userId
info: Microsoft.EntityFrameworkCore.Database.Command[20101]
      Executed DbCommand (0ms) [Parameters=[@normalizedName='?' (Size = 5)], CommandType='Text', CommandTimeout='30']
      SELECT "a"."Id", "a"."ConcurrencyStamp", "a"."Name", "a"."NormalizedName"
      FROM "AspNetRoles" AS "a"
      WHERE "a"."NormalizedName" = @normalizedName
      LIMIT 1
info: Microsoft.EntityFrameworkCore.Database.Command[20101]
      Executed DbCommand (0ms) [Parameters=[@role_Id='?' (DbType = Guid)], CommandType='Text', CommandTimeout='30']
      SELECT "a"."ClaimType", "a"."ClaimValue"
      FROM "AspNetRoleClaims" AS "a"
      WHERE "a"."RoleId" = @role_Id
info: Microsoft.EntityFrameworkCore.Database.Command[20101]
      Executed DbCommand (0ms) [Parameters=[@normalizedUserName='?' (Size = 27)], CommandType='Text', CommandTimeout='30']
      SELECT "a"."Id", "a"."AccessFailedCount", "a"."AccountStatus", "a"."AvatarUrl", "a"."ConcurrencyStamp", "a"."CreatedAtUtc", "a"."DisplayName", "a"."Email", "a"."EmailConfirmed", "a"."FullName", "a"."LastLoginAtUtc", "a"."LockoutEnabled", "a"."LockoutEnd", "a"."NormalizedEmail", "a"."NormalizedUserName", "a"."PasswordHash", "a"."PhoneNumber", "a"."PhoneNumberConfirmed", "a"."SecurityStamp", "a"."TwoFactorEnabled", "a"."UpdatedAtUtc", "a"."UserName"
      FROM "AspNetUsers" AS "a"
      WHERE "a"."NormalizedUserName" = @normalizedUserName
      LIMIT 1
info: Microsoft.EntityFrameworkCore.Database.Command[20101]
      Executed DbCommand (0ms) [Parameters=[@normalizedEmail='?' (Size = 27)], CommandType='Text', CommandTimeout='30']
      SELECT "a"."Id", "a"."AccessFailedCount", "a"."AccountStatus", "a"."AvatarUrl", "a"."ConcurrencyStamp", "a"."CreatedAtUtc", "a"."DisplayName", "a"."Email", "a"."EmailConfirmed", "a"."FullName", "a"."LastLoginAtUtc", "a"."LockoutEnabled", "a"."LockoutEnd", "a"."NormalizedEmail", "a"."NormalizedUserName", "a"."PasswordHash", "a"."PhoneNumber", "a"."PhoneNumberConfirmed", "a"."SecurityStamp", "a"."TwoFactorEnabled", "a"."UpdatedAtUtc", "a"."UserName"
      FROM "AspNetUsers" AS "a"
      WHERE "a"."NormalizedEmail" = @normalizedEmail
      LIMIT 2
info: Microsoft.EntityFrameworkCore.Database.Command[20101]
      Executed DbCommand (0ms) [Parameters=[@p21='?' (DbType = Guid), @p0='?' (DbType = Int32), @p1='?' (DbType = Int32), @p2='?', @p3='?' (Size = 36), @p22='?' (Size = 36), @p4='?' (DbType = DateTimeOffset), @p5='?' (Size = 15), @p6='?' (Size = 27), @p7='?' (DbType = Boolean), @p8='?' (Size = 15), @p9='?' (DbType = DateTimeOffset), @p10='?' (DbType = Boolean), @p11='?' (DbType = DateTimeOffset), @p12='?' (Size = 27), @p13='?' (Size = 27), @p14='?' (Size = 84), @p15='?', @p16='?' (DbType = Boolean), @p17='?' (Size = 32), @p18='?' (DbType = Boolean), @p19='?' (DbType = DateTimeOffset), @p20='?' (Size = 27)], CommandType='Text', CommandTimeout='30']
      UPDATE "AspNetUsers" SET "AccessFailedCount" = @p0, "AccountStatus" = @p1, "AvatarUrl" = @p2, "ConcurrencyStamp" = @p3, "CreatedAtUtc" = @p4, "DisplayName" = @p5, "Email" = @p6, "EmailConfirmed" = @p7, "FullName" = @p8, "LastLoginAtUtc" = @p9, "LockoutEnabled" = @p10, "LockoutEnd" = @p11, "NormalizedEmail" = @p12, "NormalizedUserName" = @p13, "PasswordHash" = @p14, "PhoneNumber" = @p15, "PhoneNumberConfirmed" = @p16, "SecurityStamp" = @p17, "TwoFactorEnabled" = @p18, "UpdatedAtUtc" = @p19, "UserName" = @p20
      WHERE "Id" = @p21 AND "ConcurrencyStamp" = @p22
      RETURNING 1;
info: Microsoft.EntityFrameworkCore.Database.Command[20101]
      Executed DbCommand (0ms) [Parameters=[], CommandType='Text', CommandTimeout='30']
      SELECT "p"."Id", "p"."Code", "p"."Project", "p"."Area", "p"."Type", "p"."Status", "p"."MonthlyPrice", "p"."SalePrice", "p"."AvailableFromDate"
      FROM "Properties" AS "p"
info: Microsoft.EntityFrameworkCore.Database.Command[20101]
      Executed DbCommand (0ms) [Parameters=[], CommandType='Text', CommandTimeout='30']
      SELECT "l"."Id", "l"."PropertyId", "p"."Code", "l"."InputPrice", "l"."SignedDate", "l"."ExpiryDate"
      FROM "LandlordContracts" AS "l"
      INNER JOIN "Properties" AS "p" ON "l"."PropertyId" = "p"."Id"
info: Microsoft.EntityFrameworkCore.Database.Command[20101]
      Executed DbCommand (0ms) [Parameters=[], CommandType='Text', CommandTimeout='30']
      SELECT "t"."Id", "t"."PropertyId", "p"."Code", "t"."RentalPrice", "t"."SignedDate", "t"."TermMonths", "t"."ExpiryDate", "t"."DepositReturnDate", "t"."Status"
      FROM "TenantContracts" AS "t"
      INNER JOIN "Properties" AS "p" ON "t"."PropertyId" = "p"."Id"
info: Microsoft.EntityFrameworkCore.Database.Command[20101]
      Executed DbCommand (0ms) [Parameters=[], CommandType='Text', CommandTimeout='30']
      SELECT "l"."Id", "l"."PropertyId", "l"."Status", "l"."AssignedToUserId", "l"."CreatedAtUtc", "l"."UpdatedAtUtc"
      FROM "Leads" AS "l"
info: Microsoft.EntityFrameworkCore.Database.Command[20101]
      Executed DbCommand (0ms) [Parameters=[], CommandType='Text', CommandTimeout='30']
      SELECT "p"."Id", "p"."Area", "p"."AreaSize", "p"."AvailableFromDate", "p"."Bathrooms", "p"."Code", "p"."CreatedAtUtc", "p"."Description", "p"."Direction", "p"."FurniturePackage", "p"."LegalStatus", "p"."LoanInfo", "p"."MonthlyPrice", "p"."Notes", "p"."Project", "p"."SalePrice", "p"."Status", "p"."Type", "p"."UpdatedAtUtc", "p"."VideoUrl", "p0"."Id", "p0"."AltText", "p0"."IsPrimary", "p0"."PropertyId", "p0"."SortOrder", "p0"."Url", "p1"."Id", "p1"."Name", "p1"."PropertyId"
      FROM "Properties" AS "p"
      LEFT JOIN "PropertyImages" AS "p0" ON "p"."Id" = "p0"."PropertyId"
      LEFT JOIN "PropertyAmenities" AS "p1" ON "p"."Id" = "p1"."PropertyId"
      ORDER BY "p"."Code", "p"."Id", "p0"."Id"
info: Microsoft.EntityFrameworkCore.Database.Command[20101]
      Executed DbCommand (0ms) [Parameters=[], CommandType='Text', CommandTimeout='30']
      SELECT "p"."Project", "p"."Area", "p"."Type", "p"."Status"
      FROM "Properties" AS "p"
info: Microsoft.EntityFrameworkCore.Database.Command[20101]
      Executed DbCommand (0ms) [Parameters=[@normalizedRoleName='?' (Size = 4)], CommandType='Text', CommandTimeout='30']
      SELECT "a"."Id", "a"."ConcurrencyStamp", "a"."Name", "a"."NormalizedName"
      FROM "AspNetRoles" AS "a"
      WHERE "a"."NormalizedName" = @normalizedRoleName
      LIMIT 2
info: Microsoft.EntityFrameworkCore.Database.Command[20101]
      Executed DbCommand (0ms) [Parameters=[@role_Id='?' (DbType = Guid)], CommandType='Text', CommandTimeout='30']
      SELECT "a0"."Id", "a0"."AccessFailedCount", "a0"."AccountStatus", "a0"."AvatarUrl", "a0"."ConcurrencyStamp", "a0"."CreatedAtUtc", "a0"."DisplayName", "a0"."Email", "a0"."EmailConfirmed", "a0"."FullName", "a0"."LastLoginAtUtc", "a0"."LockoutEnabled", "a0"."LockoutEnd", "a0"."NormalizedEmail", "a0"."NormalizedUserName", "a0"."PasswordHash", "a0"."PhoneNumber", "a0"."PhoneNumberConfirmed", "a0"."SecurityStamp", "a0"."TwoFactorEnabled", "a0"."UpdatedAtUtc", "a0"."UserName"
      FROM "AspNetUserRoles" AS "a"
      INNER JOIN "AspNetUsers" AS "a0" ON "a"."UserId" = "a0"."Id"
      WHERE "a"."RoleId" = @role_Id
info: Microsoft.EntityFrameworkCore.Database.Command[20101]
      Executed DbCommand (0ms) [Parameters=[], CommandType='Text', CommandTimeout='30']
      SELECT "l"."Id", "l"."AssignedToUserId", "l"."Contact", "l"."CreatedAtUtc", "l"."Language", "l"."Message", "l"."Name", "l"."PropertyId", "l"."Status", "l"."Subject", "l"."UpdatedAtUtc", "p"."Code" AS "PropertyCode", "p"."Project" AS "PropertyProject", "p"."Area" AS "PropertyArea", "p"."Type" AS "PropertyType", "p"."MonthlyPrice" AS "PropertyMonthlyPrice", "p"."SalePrice" AS "PropertySalePrice", "p"."Status" AS "PropertyStatus", CASE
          WHEN "a"."Id" IS NULL THEN NULL
          ELSE COALESCE("a"."DisplayName", "a"."FullName")
      END AS "AssignedDisplayName", "a"."Email" AS "AssignedEmail"
      FROM "Leads" AS "l"
      LEFT JOIN "Properties" AS "p" ON "l"."PropertyId" = "p"."Id"
      LEFT JOIN "AspNetUsers" AS "a" ON "l"."AssignedToUserId" = "a"."Id"
info: Microsoft.EntityFrameworkCore.Database.Command[20101]
      Executed DbCommand (0ms) [Parameters=[@normalizedRoleName='?' (Size = 4)], CommandType='Text', CommandTimeout='30']
      SELECT "a"."Id", "a"."ConcurrencyStamp", "a"."Name", "a"."NormalizedName"
      FROM "AspNetRoles" AS "a"
      WHERE "a"."NormalizedName" = @normalizedRoleName
      LIMIT 2
info: Microsoft.EntityFrameworkCore.Database.Command[20101]
      Executed DbCommand (0ms) [Parameters=[@role_Id='?' (DbType = Guid)], CommandType='Text', CommandTimeout='30']
      SELECT "a0"."Id", "a0"."AccessFailedCount", "a0"."AccountStatus", "a0"."AvatarUrl", "a0"."ConcurrencyStamp", "a0"."CreatedAtUtc", "a0"."DisplayName", "a0"."Email", "a0"."EmailConfirmed", "a0"."FullName", "a0"."LastLoginAtUtc", "a0"."LockoutEnabled", "a0"."LockoutEnd", "a0"."NormalizedEmail", "a0"."NormalizedUserName", "a0"."PasswordHash", "a0"."PhoneNumber", "a0"."PhoneNumberConfirmed", "a0"."SecurityStamp", "a0"."TwoFactorEnabled", "a0"."UpdatedAtUtc", "a0"."UserName"
      FROM "AspNetUserRoles" AS "a"
      INNER JOIN "AspNetUsers" AS "a0" ON "a"."UserId" = "a0"."Id"
      WHERE "a"."RoleId" = @role_Id
info: Microsoft.EntityFrameworkCore.Database.Command[20101]
      Executed DbCommand (0ms) [Parameters=[@normalizedRoleName='?' (Size = 5)], CommandType='Text', CommandTimeout='30']
      SELECT "a"."Id", "a"."ConcurrencyStamp", "a"."Name", "a"."NormalizedName"
      FROM "AspNetRoles" AS "a"
      WHERE "a"."NormalizedName" = @normalizedRoleName
      LIMIT 2
info: Microsoft.EntityFrameworkCore.Database.Command[20101]
      Executed DbCommand (0ms) [Parameters=[@role_Id='?' (DbType = Guid)], CommandType='Text', CommandTimeout='30']
      SELECT "a0"."Id", "a0"."AccessFailedCount", "a0"."AccountStatus", "a0"."AvatarUrl", "a0"."ConcurrencyStamp", "a0"."CreatedAtUtc", "a0"."DisplayName", "a0"."Email", "a0"."EmailConfirmed", "a0"."FullName", "a0"."LastLoginAtUtc", "a0"."LockoutEnabled", "a0"."LockoutEnd", "a0"."NormalizedEmail", "a0"."NormalizedUserName", "a0"."PasswordHash", "a0"."PhoneNumber", "a0"."PhoneNumberConfirmed", "a0"."SecurityStamp", "a0"."TwoFactorEnabled", "a0"."UpdatedAtUtc", "a0"."UserName"
      FROM "AspNetUserRoles" AS "a"
      INNER JOIN "AspNetUsers" AS "a0" ON "a"."UserId" = "a0"."Id"
      WHERE "a"."RoleId" = @role_Id
info: Microsoft.EntityFrameworkCore.Database.Command[20101]
      Executed DbCommand (0ms) [Parameters=[], CommandType='Text', CommandTimeout='30']
      SELECT "l"."Id", "l"."PropertyId", "p"."Code", "p"."Project", "p"."Area", "l"."LandlordName", "l"."PeCode", "l"."SaleName", "l"."InputPrice", "l"."SignedDate", "l"."ExpiryDate", "l"."DepositStatus", "l"."PaymentDay", "l"."PaymentWindow", "l"."NextDueDate", "l"."Notes"
      FROM "LandlordContracts" AS "l"
      INNER JOIN "Properties" AS "p" ON "l"."PropertyId" = "p"."Id"
      ORDER BY "l"."ExpiryDate", "p"."Code"
info: Microsoft.EntityFrameworkCore.Database.Command[20101]
      Executed DbCommand (0ms) [Parameters=[], CommandType='Text', CommandTimeout='30']
      SELECT "t"."Id", "t"."PropertyId", "p"."Code", "p"."Project", "p"."Area", "t"."TenantName", "t"."ManagerName", "t"."RentalPrice", "t"."SignedDate", "t"."TermMonths", "t"."ExpiryDate", "t"."DepositAmount", "t"."DepositReturnDate", "t"."PeCode", "t"."PassCode", "t"."Status", "t"."Notes"
      FROM "TenantContracts" AS "t"
      INNER JOIN "Properties" AS "p" ON "t"."PropertyId" = "p"."Id"
      ORDER BY "t"."ExpiryDate", "p"."Code"
info: Microsoft.EntityFrameworkCore.Database.Command[20101]
      Executed DbCommand (0ms) [Parameters=[@normalizedEmail='?' (Size = 31)], CommandType='Text', CommandTimeout='30']
      SELECT "a"."Id", "a"."AccessFailedCount", "a"."AccountStatus", "a"."AvatarUrl", "a"."ConcurrencyStamp", "a"."CreatedAtUtc", "a"."DisplayName", "a"."Email", "a"."EmailConfirmed", "a"."FullName", "a"."LastLoginAtUtc", "a"."LockoutEnabled", "a"."LockoutEnd", "a"."NormalizedEmail", "a"."NormalizedUserName", "a"."PasswordHash", "a"."PhoneNumber", "a"."PhoneNumberConfirmed", "a"."SecurityStamp", "a"."TwoFactorEnabled", "a"."UpdatedAtUtc", "a"."UserName"
      FROM "AspNetUsers" AS "a"
      WHERE "a"."NormalizedEmail" = @normalizedEmail
      LIMIT 2
info: Microsoft.EntityFrameworkCore.Database.Command[20101]
      Executed DbCommand (0ms) [Parameters=[@normalizedRoleName='?' (Size = 5)], CommandType='Text', CommandTimeout='30']
      SELECT "a"."Id", "a"."ConcurrencyStamp", "a"."Name", "a"."NormalizedName"
      FROM "AspNetRoles" AS "a"
      WHERE "a"."NormalizedName" = @normalizedRoleName
      LIMIT 2
info: Microsoft.EntityFrameworkCore.Database.Command[20101]
      Executed DbCommand (0ms) [Parameters=[@p='?' (DbType = Guid), @p1='?' (DbType = Guid)], CommandType='Text', CommandTimeout='30']
      SELECT "a"."UserId", "a"."RoleId"
      FROM "AspNetUserRoles" AS "a"
      WHERE "a"."UserId" = @p AND "a"."RoleId" = @p1
      LIMIT 1
info: Microsoft.EntityFrameworkCore.Database.Command[20101]
      Executed DbCommand (0ms) [Parameters=[@normalizedRoleName='?' (Size = 4)], CommandType='Text', CommandTimeout='30']
      SELECT "a"."Id", "a"."ConcurrencyStamp", "a"."Name", "a"."NormalizedName"
      FROM "AspNetRoles" AS "a"
      WHERE "a"."NormalizedName" = @normalizedRoleName
      LIMIT 2
info: Microsoft.EntityFrameworkCore.Database.Command[20101]
      Executed DbCommand (0ms) [Parameters=[@p='?' (DbType = Guid), @p1='?' (DbType = Guid)], CommandType='Text', CommandTimeout='30']
      SELECT "a"."UserId", "a"."RoleId"
      FROM "AspNetUserRoles" AS "a"
      WHERE "a"."UserId" = @p AND "a"."RoleId" = @p1
      LIMIT 1
info: Microsoft.EntityFrameworkCore.Database.Command[20101]
      Executed DbCommand (0ms) [Parameters=[@user_Id='?' (DbType = Guid)], CommandType='Text', CommandTimeout='30']
      SELECT "a"."Id", "a"."ClaimType", "a"."ClaimValue", "a"."UserId"
      FROM "AspNetUserClaims" AS "a"
      WHERE "a"."UserId" = @user_Id
info: Microsoft.EntityFrameworkCore.Database.Command[20101]
      Executed DbCommand (0ms) [Parameters=[@userId='?' (DbType = Guid)], CommandType='Text', CommandTimeout='30']
      SELECT "a0"."Name"
      FROM "AspNetUserRoles" AS "a"
      INNER JOIN "AspNetRoles" AS "a0" ON "a"."RoleId" = "a0"."Id"
      WHERE "a"."UserId" = @userId
info: Microsoft.EntityFrameworkCore.Database.Command[20101]
      Executed DbCommand (0ms) [Parameters=[@normalizedName='?' (Size = 4)], CommandType='Text', CommandTimeout='30']
      SELECT "a"."Id", "a"."ConcurrencyStamp", "a"."Name", "a"."NormalizedName"
      FROM "AspNetRoles" AS "a"
      WHERE "a"."NormalizedName" = @normalizedName
      LIMIT 1
info: Microsoft.EntityFrameworkCore.Database.Command[20101]
      Executed DbCommand (0ms) [Parameters=[@role_Id='?' (DbType = Guid)], CommandType='Text', CommandTimeout='30']
      SELECT "a"."ClaimType", "a"."ClaimValue"
      FROM "AspNetRoleClaims" AS "a"
      WHERE "a"."RoleId" = @role_Id
info: Microsoft.EntityFrameworkCore.Database.Command[20101]
      Executed DbCommand (0ms) [Parameters=[@normalizedUserName='?' (Size = 31)], CommandType='Text', CommandTimeout='30']
      SELECT "a"."Id", "a"."AccessFailedCount", "a"."AccountStatus", "a"."AvatarUrl", "a"."ConcurrencyStamp", "a"."CreatedAtUtc", "a"."DisplayName", "a"."Email", "a"."EmailConfirmed", "a"."FullName", "a"."LastLoginAtUtc", "a"."LockoutEnabled", "a"."LockoutEnd", "a"."NormalizedEmail", "a"."NormalizedUserName", "a"."PasswordHash", "a"."PhoneNumber", "a"."PhoneNumberConfirmed", "a"."SecurityStamp", "a"."TwoFactorEnabled", "a"."UpdatedAtUtc", "a"."UserName"
      FROM "AspNetUsers" AS "a"
      WHERE "a"."NormalizedUserName" = @normalizedUserName
      LIMIT 1
info: Microsoft.EntityFrameworkCore.Database.Command[20101]
      Executed DbCommand (0ms) [Parameters=[@normalizedEmail='?' (Size = 31)], CommandType='Text', CommandTimeout='30']
      SELECT "a"."Id", "a"."AccessFailedCount", "a"."AccountStatus", "a"."AvatarUrl", "a"."ConcurrencyStamp", "a"."CreatedAtUtc", "a"."DisplayName", "a"."Email", "a"."EmailConfirmed", "a"."FullName", "a"."LastLoginAtUtc", "a"."LockoutEnabled", "a"."LockoutEnd", "a"."NormalizedEmail", "a"."NormalizedUserName", "a"."PasswordHash", "a"."PhoneNumber", "a"."PhoneNumberConfirmed", "a"."SecurityStamp", "a"."TwoFactorEnabled", "a"."UpdatedAtUtc", "a"."UserName"
      FROM "AspNetUsers" AS "a"
      WHERE "a"."NormalizedEmail" = @normalizedEmail
      LIMIT 2
info: Microsoft.EntityFrameworkCore.Database.Command[20101]
      Executed DbCommand (0ms) [Parameters=[@p21='?' (DbType = Guid), @p0='?' (DbType = Int32), @p1='?' (DbType = Int32), @p2='?', @p3='?' (Size = 36), @p22='?' (Size = 36), @p4='?' (DbType = DateTimeOffset), @p5='?' (Size = 15), @p6='?' (Size = 31), @p7='?' (DbType = Boolean), @p8='?' (Size = 15), @p9='?' (DbType = DateTimeOffset), @p10='?' (DbType = Boolean), @p11='?' (DbType = DateTimeOffset), @p12='?' (Size = 31), @p13='?' (Size = 31), @p14='?' (Size = 84), @p15='?', @p16='?' (DbType = Boolean), @p17='?' (Size = 32), @p18='?' (DbType = Boolean), @p19='?' (DbType = DateTimeOffset), @p20='?' (Size = 31)], CommandType='Text', CommandTimeout='30']
      UPDATE "AspNetUsers" SET "AccessFailedCount" = @p0, "AccountStatus" = @p1, "AvatarUrl" = @p2, "ConcurrencyStamp" = @p3, "CreatedAtUtc" = @p4, "DisplayName" = @p5, "Email" = @p6, "EmailConfirmed" = @p7, "FullName" = @p8, "LastLoginAtUtc" = @p9, "LockoutEnabled" = @p10, "LockoutEnd" = @p11, "NormalizedEmail" = @p12, "NormalizedUserName" = @p13, "PasswordHash" = @p14, "PhoneNumber" = @p15, "PhoneNumberConfirmed" = @p16, "SecurityStamp" = @p17, "TwoFactorEnabled" = @p18, "UpdatedAtUtc" = @p19, "UserName" = @p20
      WHERE "Id" = @p21 AND "ConcurrencyStamp" = @p22
      RETURNING 1;
info: Microsoft.EntityFrameworkCore.Database.Command[20101]
      Executed DbCommand (0ms) [Parameters=[], CommandType='Text', CommandTimeout='30']
      SELECT "p"."Id", "p"."Code", "p"."Project", "p"."Area", "p"."Type", "p"."Status", "p"."MonthlyPrice", "p"."SalePrice", "p"."AvailableFromDate"
      FROM "Properties" AS "p"
info: Microsoft.EntityFrameworkCore.Database.Command[20101]
      Executed DbCommand (0ms) [Parameters=[], CommandType='Text', CommandTimeout='30']
      SELECT "l"."Id", "l"."PropertyId", "p"."Code", "l"."InputPrice", "l"."SignedDate", "l"."ExpiryDate"
      FROM "LandlordContracts" AS "l"
      INNER JOIN "Properties" AS "p" ON "l"."PropertyId" = "p"."Id"
info: Microsoft.EntityFrameworkCore.Database.Command[20101]
      Executed DbCommand (0ms) [Parameters=[], CommandType='Text', CommandTimeout='30']
      SELECT "t"."Id", "t"."PropertyId", "p"."Code", "t"."RentalPrice", "t"."SignedDate", "t"."TermMonths", "t"."ExpiryDate", "t"."DepositReturnDate", "t"."Status"
      FROM "TenantContracts" AS "t"
      INNER JOIN "Properties" AS "p" ON "t"."PropertyId" = "p"."Id"
info: Microsoft.EntityFrameworkCore.Database.Command[20101]
      Executed DbCommand (0ms) [Parameters=[@scope_AssignedToUserId='?' (DbType = Guid)], CommandType='Text', CommandTimeout='30']
      SELECT "l"."Id", "l"."PropertyId", "l"."Status", "l"."AssignedToUserId", "l"."CreatedAtUtc", "l"."UpdatedAtUtc"
      FROM "Leads" AS "l"
      WHERE "l"."AssignedToUserId" = @scope_AssignedToUserId
info: Microsoft.EntityFrameworkCore.Database.Command[20101]
      Executed DbCommand (0ms) [Parameters=[], CommandType='Text', CommandTimeout='30']
      SELECT "p"."Id", "p"."Area", "p"."AreaSize", "p"."AvailableFromDate", "p"."Bathrooms", "p"."Code", "p"."CreatedAtUtc", "p"."Description", "p"."Direction", "p"."FurniturePackage", "p"."LegalStatus", "p"."LoanInfo", "p"."MonthlyPrice", "p"."Notes", "p"."Project", "p"."SalePrice", "p"."Status", "p"."Type", "p"."UpdatedAtUtc", "p"."VideoUrl", "p0"."Id", "p0"."AltText", "p0"."IsPrimary", "p0"."PropertyId", "p0"."SortOrder", "p0"."Url", "p1"."Id", "p1"."Name", "p1"."PropertyId"
      FROM "Properties" AS "p"
      LEFT JOIN "PropertyImages" AS "p0" ON "p"."Id" = "p0"."PropertyId"
      LEFT JOIN "PropertyAmenities" AS "p1" ON "p"."Id" = "p1"."PropertyId"
      ORDER BY "p"."Code", "p"."Id", "p0"."Id"
info: Microsoft.EntityFrameworkCore.Database.Command[20101]
      Executed DbCommand (0ms) [Parameters=[], CommandType='Text', CommandTimeout='30']
      SELECT "p"."Project", "p"."Area", "p"."Type", "p"."Status"
      FROM "Properties" AS "p"
info: Microsoft.EntityFrameworkCore.Database.Command[20101]
      Executed DbCommand (0ms) [Parameters=[@query_AssignedToUserId='?' (DbType = Guid)], CommandType='Text', CommandTimeout='30']
      SELECT "l"."Id", "l"."AssignedToUserId", "l"."Contact", "l"."CreatedAtUtc", "l"."Language", "l"."Message", "l"."Name", "l"."PropertyId", "l"."Status", "l"."Subject", "l"."UpdatedAtUtc", "p"."Code" AS "PropertyCode", "p"."Project" AS "PropertyProject", "p"."Area" AS "PropertyArea", "p"."Type" AS "PropertyType", "p"."MonthlyPrice" AS "PropertyMonthlyPrice", "p"."SalePrice" AS "PropertySalePrice", "p"."Status" AS "PropertyStatus", CASE
          WHEN "a"."Id" IS NULL THEN NULL
          ELSE COALESCE("a"."DisplayName", "a"."FullName")
      END AS "AssignedDisplayName", "a"."Email" AS "AssignedEmail"
      FROM "Leads" AS "l"
      LEFT JOIN "Properties" AS "p" ON "l"."PropertyId" = "p"."Id"
      LEFT JOIN "AspNetUsers" AS "a" ON "l"."AssignedToUserId" = "a"."Id"
      WHERE "l"."AssignedToUserId" = @query_AssignedToUserId
info: Microsoft.EntityFrameworkCore.Database.Command[20101]
      Executed DbCommand (0ms) [Parameters=[@normalizedRoleName='?' (Size = 4)], CommandType='Text', CommandTimeout='30']
      SELECT "a"."Id", "a"."ConcurrencyStamp", "a"."Name", "a"."NormalizedName"
      FROM "AspNetRoles" AS "a"
      WHERE "a"."NormalizedName" = @normalizedRoleName
      LIMIT 2
info: Microsoft.EntityFrameworkCore.Database.Command[20101]
      Executed DbCommand (0ms) [Parameters=[@role_Id='?' (DbType = Guid)], CommandType='Text', CommandTimeout='30']
      SELECT "a0"."Id", "a0"."AccessFailedCount", "a0"."AccountStatus", "a0"."AvatarUrl", "a0"."ConcurrencyStamp", "a0"."CreatedAtUtc", "a0"."DisplayName", "a0"."Email", "a0"."EmailConfirmed", "a0"."FullName", "a0"."LastLoginAtUtc", "a0"."LockoutEnabled", "a0"."LockoutEnd", "a0"."NormalizedEmail", "a0"."NormalizedUserName", "a0"."PasswordHash", "a0"."PhoneNumber", "a0"."PhoneNumberConfirmed", "a0"."SecurityStamp", "a0"."TwoFactorEnabled", "a0"."UpdatedAtUtc", "a0"."UserName"
      FROM "AspNetUserRoles" AS "a"
      INNER JOIN "AspNetUsers" AS "a0" ON "a"."UserId" = "a0"."Id"
      WHERE "a"."RoleId" = @role_Id
info: Microsoft.EntityFrameworkCore.Database.Command[20101]
      Executed DbCommand (0ms) [Parameters=[@normalizedRoleName='?' (Size = 5)], CommandType='Text', CommandTimeout='30']
      SELECT "a"."Id", "a"."ConcurrencyStamp", "a"."Name", "a"."NormalizedName"
      FROM "AspNetRoles" AS "a"
      WHERE "a"."NormalizedName" = @normalizedRoleName
      LIMIT 2
info: Microsoft.EntityFrameworkCore.Database.Command[20101]
      Executed DbCommand (0ms) [Parameters=[@role_Id='?' (DbType = Guid)], CommandType='Text', CommandTimeout='30']
      SELECT "a0"."Id", "a0"."AccessFailedCount", "a0"."AccountStatus", "a0"."AvatarUrl", "a0"."ConcurrencyStamp", "a0"."CreatedAtUtc", "a0"."DisplayName", "a0"."Email", "a0"."EmailConfirmed", "a0"."FullName", "a0"."LastLoginAtUtc", "a0"."LockoutEnabled", "a0"."LockoutEnd", "a0"."NormalizedEmail", "a0"."NormalizedUserName", "a0"."PasswordHash", "a0"."PhoneNumber", "a0"."PhoneNumberConfirmed", "a0"."SecurityStamp", "a0"."TwoFactorEnabled", "a0"."UpdatedAtUtc", "a0"."UserName"
      FROM "AspNetUserRoles" AS "a"
      INNER JOIN "AspNetUsers" AS "a0" ON "a"."UserId" = "a0"."Id"
      WHERE "a"."RoleId" = @role_Id
